// Jest Snapshot v1, https://goo.gl/fbAQLP

exports[`Render a form with CSS styles and custom attributes 1`] = `
<div>
  <form
    name="form01"
    onSubmit={[Function]}
  >
    <div
      style={
        Object {
          "border": "2px solid red",
        }
      }
    >
      <p>
        Given Name:
      </p>
      <p>
        name
      </p>
      <p>
        <input
          data-entityId="101"
          name="name"
          onBlur={[Function]}
          onChange={[Function]}
          type="text"
          value="David"
        />
      </p>
    </div>
    <fieldset>
      <legend>
        Email
      </legend>
      <input
        name="email"
        onBlur={[Function]}
        onChange={[Function]}
        type="text"
        value="a@b.c"
      />
      <label>
        
      </label>
    </fieldset>
    <fieldset>
      <legend>
        Job Title
      </legend>
      <input
        name="jobTitle"
        onBlur={[Function]}
        onChange={[Function]}
        type="text"
        value="Developer"
      />
      <label>
        
      </label>
    </fieldset>
    <fieldset>
      <legend>
        National Insurance Number
      </legend>
      <input
        name="nationalInsuranceNumber"
        onBlur={[Function]}
        onChange={[Function]}
        type="text"
        value="abc123"
      />
      <label>
        
      </label>
    </fieldset>
    <fieldset>
      <legend>
        Heard Of Us
      </legend>
      <select
        data={
          Array [
            Object {
              "key": 1,
              "value": "Radio",
            },
            Object {
              "key": 2,
              "value": "TV",
            },
            Object {
              "key": 3,
              "value": "Web",
            },
          ]
        }
        defaultValue={-1}
        name="heardOfUs"
        onChange={[Function]}
      >
        
        <option
          value={1}
        >
          Radio
        </option>
        <option
          value={2}
        >
          TV
        </option>
        <option
          value={3}
        >
          Web
        </option>
      </select>
      <label>
        
      </label>
    </fieldset>
    <fieldset>
      <legend>
        Industry
      </legend>
      <div>
        <input
          data={
            Array [
              Object {
                "key": 1,
                "value": "IT",
              },
              Object {
                "key": 2,
                "value": "Medicine",
              },
              Object {
                "key": 3,
                "value": "Leisure",
              },
            ]
          }
          name="Industry"
          onChange={[Function]}
          type="radio"
          value={1}
        />
        IT
        <br />
        <input
          data={
            Array [
              Object {
                "key": 1,
                "value": "IT",
              },
              Object {
                "key": 2,
                "value": "Medicine",
              },
              Object {
                "key": 3,
                "value": "Leisure",
              },
            ]
          }
          name="Industry"
          onChange={[Function]}
          type="radio"
          value={2}
        />
        Medicine
        <br />
        <input
          data={
            Array [
              Object {
                "key": 1,
                "value": "IT",
              },
              Object {
                "key": 2,
                "value": "Medicine",
              },
              Object {
                "key": 3,
                "value": "Leisure",
              },
            ]
          }
          name="Industry"
          onChange={[Function]}
          type="radio"
          value={3}
        />
        Leisure
        <br />
      </div>
      <label>
        
      </label>
    </fieldset>
    <div>
      <p>
        Can we get an individual element by name?
      </p>
      <fieldset>
        <legend>
          Email
        </legend>
        <input
          name="email"
          onBlur={[Function]}
          onChange={[Function]}
          type="text"
          value="a@b.c"
        />
        <label>
          
        </label>
      </fieldset>
    </div>
    <button
      disabled={false}
      type="submit"
    >
      Submit
    </button>
  </form>
  <pre>
    {
  "name": "David",
  "email": "a@b.c",
  "jobTitle": "Developer",
  "nationalInsuranceNumber": "abc123"
}
  </pre>
</div>
`;
