// Jest Snapshot v1, https://goo.gl/fbAQLP

exports[`Test a simple render 1`] = `
<form>
  <button
    type="submit"
  >
    Submit
  </button>
  <pre>
    {
  "name": "David",
  "email": "a@b.c",
  "jobTitle": "Developer"
}
  </pre>
</form>
`;
